<?xml version="1.0" encoding="UTF-8"?>
<testsuites name="jest tests" tests="155" failures="0" time="26.385">
  <testsuite name="Component Tests" errors="0" failures="0" skipped="0" timestamp="2019-11-12T16:09:21" time="7.089" tests="1">
    <testcase classname="Component Tests Reservation Management Component Should call load all on init" name="Component Tests Reservation Management Component Should call load all on init" time="0.147">
    </testcase>
  </testsuite>
  <testsuite name="Component Tests" errors="0" failures="0" skipped="0" timestamp="2019-11-12T16:09:21" time="7.379" tests="5">
    <testcase classname="Component Tests RegisterComponent should ensure the two passwords entered match" name="Component Tests RegisterComponent should ensure the two passwords entered match" time="0.127">
    </testcase>
    <testcase classname="Component Tests RegisterComponent should update success to OK after creating an account" name="Component Tests RegisterComponent should update success to OK after creating an account" time="0.059">
    </testcase>
    <testcase classname="Component Tests RegisterComponent should notify of user existence upon 400/login already in use" name="Component Tests RegisterComponent should notify of user existence upon 400/login already in use" time="0.114">
    </testcase>
    <testcase classname="Component Tests RegisterComponent should notify of email existence upon 400/email address already in use" name="Component Tests RegisterComponent should notify of email existence upon 400/email address already in use" time="0.044">
    </testcase>
    <testcase classname="Component Tests RegisterComponent should notify of generic error" name="Component Tests RegisterComponent should notify of generic error" time="0.031">
    </testcase>
  </testsuite>
  <testsuite name="Component Tests" errors="0" failures="0" skipped="0" timestamp="2019-11-12T16:09:28" time="1.58" tests="12">
    <testcase classname="Component Tests JhiHealthCheckComponent baseName and subSystemName should return the basename when it has no sub system" name="Component Tests JhiHealthCheckComponent baseName and subSystemName should return the basename when it has no sub system" time="0.022">
    </testcase>
    <testcase classname="Component Tests JhiHealthCheckComponent baseName and subSystemName should return the basename when it has sub systems" name="Component Tests JhiHealthCheckComponent baseName and subSystemName should return the basename when it has sub systems" time="0.021">
    </testcase>
    <testcase classname="Component Tests JhiHealthCheckComponent baseName and subSystemName should return the sub system name" name="Component Tests JhiHealthCheckComponent baseName and subSystemName should return the sub system name" time="0.013">
    </testcase>
    <testcase classname="Component Tests JhiHealthCheckComponent baseName and subSystemName should return the subsystem when it has multiple keys" name="Component Tests JhiHealthCheckComponent baseName and subSystemName should return the subsystem when it has multiple keys" time="0.014">
    </testcase>
    <testcase classname="Component Tests JhiHealthCheckComponent transformHealthData should flatten empty health data" name="Component Tests JhiHealthCheckComponent transformHealthData should flatten empty health data" time="0.014">
    </testcase>
    <testcase classname="Component Tests JhiHealthCheckComponent transformHealthData should flatten health data with no subsystems" name="Component Tests JhiHealthCheckComponent transformHealthData should flatten health data with no subsystems" time="0.017">
    </testcase>
    <testcase classname="Component Tests JhiHealthCheckComponent transformHealthData should flatten health data with subsystems at level 1, main system has no additional information" name="Component Tests JhiHealthCheckComponent transformHealthData should flatten health data with subsystems at level 1, main system has no additional information" time="0.019">
    </testcase>
    <testcase classname="Component Tests JhiHealthCheckComponent transformHealthData should flatten health data with subsystems at level 1, main system has additional information" name="Component Tests JhiHealthCheckComponent transformHealthData should flatten health data with subsystems at level 1, main system has additional information" time="0.013">
    </testcase>
    <testcase classname="Component Tests JhiHealthCheckComponent transformHealthData should flatten health data with subsystems at level 1, main system has additional error" name="Component Tests JhiHealthCheckComponent transformHealthData should flatten health data with subsystems at level 1, main system has additional error" time="0.012">
    </testcase>
    <testcase classname="Component Tests JhiHealthCheckComponent getBadgeClass should get badge class" name="Component Tests JhiHealthCheckComponent getBadgeClass should get badge class" time="0.012">
    </testcase>
    <testcase classname="Component Tests JhiHealthCheckComponent refresh should call refresh on init" name="Component Tests JhiHealthCheckComponent refresh should call refresh on init" time="0.014">
    </testcase>
    <testcase classname="Component Tests JhiHealthCheckComponent refresh should handle a 503 on refreshing health data" name="Component Tests JhiHealthCheckComponent refresh should handle a 503 on refreshing health data" time="0.013">
    </testcase>
  </testsuite>
  <testsuite name="Component Tests" errors="0" failures="0" skipped="0" timestamp="2019-11-12T16:09:28" time="1.339" tests="6">
    <testcase classname="Component Tests AuditsComponent today function  should set toDate to current date" name="Component Tests AuditsComponent today function  should set toDate to current date" time="0.029">
    </testcase>
    <testcase classname="Component Tests AuditsComponent previousMonth function  should set fromDate to current date" name="Component Tests AuditsComponent previousMonth function  should set fromDate to current date" time="0.015">
    </testcase>
    <testcase classname="Component Tests AuditsComponent By default, on init should set all default values correctly" name="Component Tests AuditsComponent By default, on init should set all default values correctly" time="0.018">
    </testcase>
    <testcase classname="Component Tests AuditsComponent OnInit Should call load all on init" name="Component Tests AuditsComponent OnInit Should call load all on init" time="0.016">
    </testcase>
    <testcase classname="Component Tests AuditsComponent Create sort object Should sort only by id asc" name="Component Tests AuditsComponent Create sort object Should sort only by id asc" time="0.013">
    </testcase>
    <testcase classname="Component Tests AuditsComponent Create sort object Should sort by timestamp asc then by id" name="Component Tests AuditsComponent Create sort object Should sort by timestamp asc then by id" time="0.014">
    </testcase>
  </testsuite>
  <testsuite name="Component Tests" errors="0" failures="0" skipped="0" timestamp="2019-11-12T16:09:30" time="0.737" tests="2">
    <testcase classname="Component Tests Reservation Management Update Component save Should call update service on save for existing entity" name="Component Tests Reservation Management Update Component save Should call update service on save for existing entity" time="0.037">
    </testcase>
    <testcase classname="Component Tests Reservation Management Update Component save Should call create service on save for new entity" name="Component Tests Reservation Management Update Component save Should call create service on save for new entity" time="0.023">
    </testcase>
  </testsuite>
  <testsuite name="Component Tests" errors="0" failures="0" skipped="0" timestamp="2019-11-12T16:09:30" time="0.727" tests="7">
    <testcase classname="Component Tests Alert Error Component Error Handling Should display an alert on status 0" name="Component Tests Alert Error Component Error Handling Should display an alert on status 0" time="0.023">
    </testcase>
    <testcase classname="Component Tests Alert Error Component Error Handling Should display an alert on status 404" name="Component Tests Alert Error Component Error Handling Should display an alert on status 404" time="0.016">
    </testcase>
    <testcase classname="Component Tests Alert Error Component Error Handling Should display an alert on generic error" name="Component Tests Alert Error Component Error Handling Should display an alert on generic error" time="0.013">
    </testcase>
    <testcase classname="Component Tests Alert Error Component Error Handling Should display an alert on status 400 for generic error" name="Component Tests Alert Error Component Error Handling Should display an alert on status 400 for generic error" time="0.019">
    </testcase>
    <testcase classname="Component Tests Alert Error Component Error Handling Should display an alert on status 400 for generic error without message" name="Component Tests Alert Error Component Error Handling Should display an alert on status 400 for generic error without message" time="0.014">
    </testcase>
    <testcase classname="Component Tests Alert Error Component Error Handling Should display an alert on status 400 for invalid parameters" name="Component Tests Alert Error Component Error Handling Should display an alert on status 400 for invalid parameters" time="0.014">
    </testcase>
    <testcase classname="Component Tests Alert Error Component Error Handling Should display an alert on status 400 for error headers" name="Component Tests Alert Error Component Error Handling Should display an alert on status 400 for error headers" time="0.015">
    </testcase>
  </testsuite>
  <testsuite name="Component Tests" errors="0" failures="0" skipped="0" timestamp="2019-11-12T16:09:30" time="0.686" tests="5">
    <testcase classname="Component Tests LoginComponent should authenticate the user upon login when previous state was set" name="Component Tests LoginComponent should authenticate the user upon login when previous state was set" time="0.023">
    </testcase>
    <testcase classname="Component Tests LoginComponent should authenticate the user upon login when previous state was not set" name="Component Tests LoginComponent should authenticate the user upon login when previous state was not set" time="0.021">
    </testcase>
    <testcase classname="Component Tests LoginComponent should empty the credentials upon cancel" name="Component Tests LoginComponent should empty the credentials upon cancel" time="0.014">
    </testcase>
    <testcase classname="Component Tests LoginComponent should redirect user when register" name="Component Tests LoginComponent should redirect user when register" time="0.013">
    </testcase>
    <testcase classname="Component Tests LoginComponent should redirect user when request password" name="Component Tests LoginComponent should redirect user when request password" time="0.013">
    </testcase>
  </testsuite>
  <testsuite name="Component Tests" errors="0" failures="0" skipped="0" timestamp="2019-11-12T16:09:30" time="0.686" tests="5">
    <testcase classname="Component Tests PasswordResetFinishComponent should define its initial state" name="Component Tests PasswordResetFinishComponent should define its initial state" time="0.021">
    </testcase>
    <testcase classname="Component Tests PasswordResetFinishComponent sets focus after the view has been initialized" name="Component Tests PasswordResetFinishComponent sets focus after the view has been initialized" time="0.015">
    </testcase>
    <testcase classname="Component Tests PasswordResetFinishComponent should ensure the two passwords entered match" name="Component Tests PasswordResetFinishComponent should ensure the two passwords entered match" time="0.013">
    </testcase>
    <testcase classname="Component Tests PasswordResetFinishComponent should update success to OK after resetting password" name="Component Tests PasswordResetFinishComponent should update success to OK after resetting password" time="0.017">
    </testcase>
    <testcase classname="Component Tests PasswordResetFinishComponent should notify of generic error" name="Component Tests PasswordResetFinishComponent should notify of generic error" time="0.015">
    </testcase>
  </testsuite>
  <testsuite name="Component Tests" errors="0" failures="0" skipped="0" timestamp="2019-11-12T16:09:31" time="0.667" tests="3">
    <testcase classname="Component Tests User Management Update Component OnInit Should load authorities and language on init" name="Component Tests User Management Update Component OnInit Should load authorities and language on init" time="0.028">
    </testcase>
    <testcase classname="Component Tests User Management Update Component save Should call update service on save for existing user" name="Component Tests User Management Update Component save Should call update service on save for existing user" time="0.016">
    </testcase>
    <testcase classname="Component Tests User Management Update Component save Should call create service on save for new user" name="Component Tests User Management Update Component save Should call create service on save for new user" time="0.014">
    </testcase>
  </testsuite>
  <testsuite name="Component Tests" errors="0" failures="0" skipped="0" timestamp="2019-11-12T16:09:31" time="0.669" tests="5">
    <testcase classname="Component Tests PasswordResetInitComponent should define its initial state" name="Component Tests PasswordResetInitComponent should define its initial state" time="0.018">
    </testcase>
    <testcase classname="Component Tests PasswordResetInitComponent sets focus after the view has been initialized" name="Component Tests PasswordResetInitComponent sets focus after the view has been initialized" time="0.014">
    </testcase>
    <testcase classname="Component Tests PasswordResetInitComponent notifies of success upon successful requestReset" name="Component Tests PasswordResetInitComponent notifies of success upon successful requestReset" time="0.016">
    </testcase>
    <testcase classname="Component Tests PasswordResetInitComponent notifies of unknown email upon email address not registered/400" name="Component Tests PasswordResetInitComponent notifies of unknown email upon email address not registered/400" time="0.012">
    </testcase>
    <testcase classname="Component Tests PasswordResetInitComponent notifies of error upon error response" name="Component Tests PasswordResetInitComponent notifies of error upon error response" time="0.013">
    </testcase>
  </testsuite>
  <testsuite name="Component Tests" errors="0" failures="0" skipped="0" timestamp="2019-11-12T16:09:32" time="0.628" tests="2">
    <testcase classname="Component Tests Harnais Management Update Component save Should call update service on save for existing entity" name="Component Tests Harnais Management Update Component save Should call update service on save for existing entity" time="0.029">
    </testcase>
    <testcase classname="Component Tests Harnais Management Update Component save Should call create service on save for new entity" name="Component Tests Harnais Management Update Component save Should call create service on save for new entity" time="0.025">
    </testcase>
  </testsuite>
  <testsuite name="Component Tests" errors="0" failures="0" skipped="0" timestamp="2019-11-12T16:09:32" time="0.637" tests="2">
    <testcase classname="Component Tests UserProfile Management Update Component save Should call update service on save for existing entity" name="Component Tests UserProfile Management Update Component save Should call update service on save for existing entity" time="0.031">
    </testcase>
    <testcase classname="Component Tests UserProfile Management Update Component save Should call create service on save for new entity" name="Component Tests UserProfile Management Update Component save Should call create service on save for new entity" time="0.026">
    </testcase>
  </testsuite>
  <testsuite name="Component Tests" errors="0" failures="0" skipped="0" timestamp="2019-11-12T16:09:33" time="0.635" tests="2">
    <testcase classname="Component Tests Combinaison Management Update Component save Should call update service on save for existing entity" name="Component Tests Combinaison Management Update Component save Should call update service on save for existing entity" time="0.028">
    </testcase>
    <testcase classname="Component Tests Combinaison Management Update Component save Should call create service on save for new entity" name="Component Tests Combinaison Management Update Component save Should call create service on save for new entity" time="0.027">
    </testcase>
  </testsuite>
  <testsuite name="Component Tests" errors="0" failures="0" skipped="0" timestamp="2019-11-12T16:09:33" time="0.644" tests="4">
    <testcase classname="Component Tests PasswordComponent should show error if passwords do not match" name="Component Tests PasswordComponent should show error if passwords do not match" time="0.02">
    </testcase>
    <testcase classname="Component Tests PasswordComponent should call Auth.changePassword when passwords match" name="Component Tests PasswordComponent should call Auth.changePassword when passwords match" time="0.016">
    </testcase>
    <testcase classname="Component Tests PasswordComponent should set success to OK upon success" name="Component Tests PasswordComponent should set success to OK upon success" time="0.018">
    </testcase>
    <testcase classname="Component Tests PasswordComponent should notify of error if change password fails" name="Component Tests PasswordComponent should notify of error if change password fails" time="0.014">
    </testcase>
  </testsuite>
  <testsuite name="Component Tests" errors="0" failures="0" skipped="0" timestamp="2019-11-12T16:09:33" time="0.616" tests="2">
    <testcase classname="Component Tests User Management Component OnInit Should call load all on init" name="Component Tests User Management Component OnInit Should call load all on init" time="0.022">
    </testcase>
    <testcase classname="Component Tests User Management Component setActive Should update user and call load all" name="Component Tests User Management Component setActive Should update user and call load all" time="0.016">
    </testcase>
  </testsuite>
  <testsuite name="Component Tests" errors="0" failures="0" skipped="0" timestamp="2019-11-12T16:09:33" time="0.643" tests="2">
    <testcase classname="Component Tests Voile Management Update Component save Should call update service on save for existing entity" name="Component Tests Voile Management Update Component save Should call update service on save for existing entity" time="0.03">
    </testcase>
    <testcase classname="Component Tests Voile Management Update Component save Should call create service on save for new entity" name="Component Tests Voile Management Update Component save Should call create service on save for new entity" time="0.026">
    </testcase>
  </testsuite>
  <testsuite name="Component Tests" errors="0" failures="0" skipped="0" timestamp="2019-11-12T16:09:34" time="0.631" tests="2">
    <testcase classname="Component Tests Planche Management Update Component save Should call update service on save for existing entity" name="Component Tests Planche Management Update Component save Should call update service on save for existing entity" time="0.028">
    </testcase>
    <testcase classname="Component Tests Planche Management Update Component save Should call create service on save for new entity" name="Component Tests Planche Management Update Component save Should call create service on save for new entity" time="0.026">
    </testcase>
  </testsuite>
  <testsuite name="Component Tests" errors="0" failures="0" skipped="0" timestamp="2019-11-12T16:09:34" time="0.618" tests="3">
    <testcase classname="Component Tests LogsComponent OnInit should set all default values correctly" name="Component Tests LogsComponent OnInit should set all default values correctly" time="0.022">
    </testcase>
    <testcase classname="Component Tests LogsComponent OnInit Should call load all on init" name="Component Tests LogsComponent OnInit Should call load all on init" time="0.015">
    </testcase>
    <testcase classname="Component Tests LogsComponent change log level should change log level correctly" name="Component Tests LogsComponent change log level should change log level correctly" time="0.014">
    </testcase>
  </testsuite>
  <testsuite name="Service Tests" errors="0" failures="0" skipped="0" timestamp="2019-11-12T16:09:35" time="0.622" tests="8">
    <testcase classname="Service Tests Account Service Service methods should call /account if user is undefined" name="Service Tests Account Service Service methods should call /account if user is undefined" time="0.016">
    </testcase>
    <testcase classname="Service Tests Account Service Service methods should call /account only once" name="Service Tests Account Service Service methods should call /account only once" time="0.011">
    </testcase>
    <testcase classname="Service Tests Account Service Service methods hasAuthority should return false if user is not logged" name="Service Tests Account Service Service methods hasAuthority should return false if user is not logged" time="0.008">
    </testcase>
    <testcase classname="Service Tests Account Service Service methods hasAuthority should return false if user is logged and has not authority" name="Service Tests Account Service Service methods hasAuthority should return false if user is logged and has not authority" time="0.008">
    </testcase>
    <testcase classname="Service Tests Account Service Service methods hasAuthority should return true if user is logged and has authority" name="Service Tests Account Service Service methods hasAuthority should return true if user is logged and has authority" time="0.014">
    </testcase>
    <testcase classname="Service Tests Account Service Service methods hasAnyAuthority should return false if user is not logged" name="Service Tests Account Service Service methods hasAnyAuthority should return false if user is not logged" time="0.008">
    </testcase>
    <testcase classname="Service Tests Account Service Service methods hasAnyAuthority should return false if user is logged and has not authority" name="Service Tests Account Service Service methods hasAnyAuthority should return false if user is logged and has not authority" time="0.007">
    </testcase>
    <testcase classname="Service Tests Account Service Service methods hasAnyAuthority should return true if user is logged and has authority" name="Service Tests Account Service Service methods hasAnyAuthority should return true if user is logged and has authority" time="0.007">
    </testcase>
  </testsuite>
  <testsuite name="Component Tests" errors="0" failures="0" skipped="0" timestamp="2019-11-12T16:09:35" time="0.609" tests="3">
    <testcase classname="Component Tests SettingsComponent should send the current identity upon save" name="Component Tests SettingsComponent should send the current identity upon save" time="0.02">
    </testcase>
    <testcase classname="Component Tests SettingsComponent should notify of success upon successful save" name="Component Tests SettingsComponent should notify of success upon successful save" time="0.015">
    </testcase>
    <testcase classname="Component Tests SettingsComponent should notify of error upon failed save" name="Component Tests SettingsComponent should notify of error upon failed save" time="0.013">
    </testcase>
  </testsuite>
  <testsuite name="Component Tests" errors="0" failures="0" skipped="0" timestamp="2019-11-12T16:09:35" time="0.619" tests="3">
    <testcase classname="Component Tests JhiConfigurationComponent OnInit should set all default values correctly" name="Component Tests JhiConfigurationComponent OnInit should set all default values correctly" time="0.02">
    </testcase>
    <testcase classname="Component Tests JhiConfigurationComponent OnInit Should call load all on init" name="Component Tests JhiConfigurationComponent OnInit Should call load all on init" time="0.016">
    </testcase>
    <testcase classname="Component Tests JhiConfigurationComponent keys method should return the keys of an Object" name="Component Tests JhiConfigurationComponent keys method should return the keys of an Object" time="0.019">
    </testcase>
  </testsuite>
  <testsuite name="Component Tests" errors="0" failures="0" skipped="0" timestamp="2019-11-12T16:09:35" time="0.617" tests="3">
    <testcase classname="Component Tests ActivateComponent calls activate.get with the key from params" name="Component Tests ActivateComponent calls activate.get with the key from params" time="0.022">
    </testcase>
    <testcase classname="Component Tests ActivateComponent should set set success to OK upon successful activation" name="Component Tests ActivateComponent should set set success to OK upon successful activation" time="0.015">
    </testcase>
    <testcase classname="Component Tests ActivateComponent should set set error to ERROR upon activation failure" name="Component Tests ActivateComponent should set set error to ERROR upon activation failure" time="0.016">
    </testcase>
  </testsuite>
  <testsuite name="Component Tests" errors="0" failures="0" skipped="0" timestamp="2019-11-12T16:09:36" time="0.605" tests="1">
    <testcase classname="Component Tests Voile Management Delete Component confirmDelete Should call delete service on confirmDelete" name="Component Tests Voile Management Delete Component confirmDelete Should call delete service on confirmDelete" time="0.029">
    </testcase>
  </testsuite>
  <testsuite name="Component Tests" errors="0" failures="0" skipped="0" timestamp="2019-11-12T16:09:36" time="0.596" tests="1">
    <testcase classname="Component Tests Voile Management Component Should call load all on init" name="Component Tests Voile Management Component Should call load all on init" time="0.03">
    </testcase>
  </testsuite>
  <testsuite name="Component Tests" errors="0" failures="0" skipped="0" timestamp="2019-11-12T16:09:36" time="0.585" tests="1">
    <testcase classname="Component Tests Harnais Management Detail Component OnInit Should call load all on init" name="Component Tests Harnais Management Detail Component OnInit Should call load all on init" time="0.028">
    </testcase>
  </testsuite>
  <testsuite name="Component Tests" errors="0" failures="0" skipped="0" timestamp="2019-11-12T16:09:36" time="0.596" tests="1">
    <testcase classname="Component Tests Combinaison Management Detail Component OnInit Should call load all on init" name="Component Tests Combinaison Management Detail Component OnInit Should call load all on init" time="0.035">
    </testcase>
  </testsuite>
  <testsuite name="Component Tests" errors="0" failures="0" skipped="0" timestamp="2019-11-12T16:09:37" time="0.598" tests="1">
    <testcase classname="Component Tests UserProfile Management Delete Component confirmDelete Should call delete service on confirmDelete" name="Component Tests UserProfile Management Delete Component confirmDelete Should call delete service on confirmDelete" time="0.029">
    </testcase>
  </testsuite>
  <testsuite name="Component Tests" errors="0" failures="0" skipped="0" timestamp="2019-11-12T16:09:37" time="0.593" tests="1">
    <testcase classname="Component Tests Combinaison Management Delete Component confirmDelete Should call delete service on confirmDelete" name="Component Tests Combinaison Management Delete Component confirmDelete Should call delete service on confirmDelete" time="0.029">
    </testcase>
  </testsuite>
  <testsuite name="Service Tests" errors="0" failures="0" skipped="0" timestamp="2019-11-12T16:09:38" time="0.559" tests="5">
    <testcase classname="Service Tests Reservation Service Service methods should find an element" name="Service Tests Reservation Service Service methods should find an element" time="0.017">
    </testcase>
    <testcase classname="Service Tests Reservation Service Service methods should create a Reservation" name="Service Tests Reservation Service Service methods should create a Reservation" time="0.011">
    </testcase>
    <testcase classname="Service Tests Reservation Service Service methods should update a Reservation" name="Service Tests Reservation Service Service methods should update a Reservation" time="0.01">
    </testcase>
    <testcase classname="Service Tests Reservation Service Service methods should return a list of Reservation" name="Service Tests Reservation Service Service methods should return a list of Reservation" time="0.015">
    </testcase>
    <testcase classname="Service Tests Reservation Service Service methods should delete a Reservation" name="Service Tests Reservation Service Service methods should delete a Reservation" time="0.01">
    </testcase>
  </testsuite>
  <testsuite name="Component Tests" errors="0" failures="0" skipped="0" timestamp="2019-11-12T16:09:38" time="0.595" tests="1">
    <testcase classname="Component Tests UserProfile Management Component Should call load all on init" name="Component Tests UserProfile Management Component Should call load all on init" time="0.037">
    </testcase>
  </testsuite>
  <testsuite name="Component Tests" errors="0" failures="0" skipped="0" timestamp="2019-11-12T16:09:38" time="0.59" tests="1">
    <testcase classname="Component Tests Reservation Management Delete Component confirmDelete Should call delete service on confirmDelete" name="Component Tests Reservation Management Delete Component confirmDelete Should call delete service on confirmDelete" time="0.029">
    </testcase>
  </testsuite>
  <testsuite name="Component Tests" errors="0" failures="0" skipped="0" timestamp="2019-11-12T16:09:38" time="0.609" tests="1">
    <testcase classname="Component Tests Harnais Management Component Should call load all on init" name="Component Tests Harnais Management Component Should call load all on init" time="0.028">
    </testcase>
  </testsuite>
  <testsuite name="Component Tests" errors="0" failures="0" skipped="0" timestamp="2019-11-12T16:09:39" time="0.596" tests="1">
    <testcase classname="Component Tests Planche Management Component Should call load all on init" name="Component Tests Planche Management Component Should call load all on init" time="0.035">
    </testcase>
  </testsuite>
  <testsuite name="Component Tests" errors="0" failures="0" skipped="0" timestamp="2019-11-12T16:09:39" time="0.609" tests="1">
    <testcase classname="Component Tests Planche Management Delete Component confirmDelete Should call delete service on confirmDelete" name="Component Tests Planche Management Delete Component confirmDelete Should call delete service on confirmDelete" time="0.035">
    </testcase>
  </testsuite>
  <testsuite name="Component Tests" errors="0" failures="0" skipped="0" timestamp="2019-11-12T16:09:40" time="0.597" tests="1">
    <testcase classname="Component Tests JhiMetricsMonitoringComponent refresh should call refresh on init" name="Component Tests JhiMetricsMonitoringComponent refresh should call refresh on init" time="0.019">
    </testcase>
  </testsuite>
  <testsuite name="Component Tests" errors="0" failures="0" skipped="0" timestamp="2019-11-12T16:09:40" time="0.593" tests="1">
    <testcase classname="Component Tests UserProfile Management Detail Component OnInit Should call load all on init" name="Component Tests UserProfile Management Detail Component OnInit Should call load all on init" time="0.028">
    </testcase>
  </testsuite>
  <testsuite name="Service Tests" errors="0" failures="0" skipped="0" timestamp="2019-11-12T16:09:40" time="0.572" tests="4">
    <testcase classname="Service Tests User Service Service methods should call correct URL" name="Service Tests User Service Service methods should call correct URL" time="0.013">
    </testcase>
    <testcase classname="Service Tests User Service Service methods should return User" name="Service Tests User Service Service methods should return User" time="0.009">
    </testcase>
    <testcase classname="Service Tests User Service Service methods should return Authorities" name="Service Tests User Service Service methods should return Authorities" time="0.014">
    </testcase>
    <testcase classname="Service Tests User Service Service methods should propagate not found response" name="Service Tests User Service Service methods should propagate not found response" time="0.007">
    </testcase>
  </testsuite>
  <testsuite name="Component Tests" errors="0" failures="0" skipped="0" timestamp="2019-11-12T16:09:40" time="0.588" tests="1">
    <testcase classname="Component Tests Harnais Management Delete Component confirmDelete Should call delete service on confirmDelete" name="Component Tests Harnais Management Delete Component confirmDelete Should call delete service on confirmDelete" time="0.029">
    </testcase>
  </testsuite>
  <testsuite name="Component Tests" errors="0" failures="0" skipped="0" timestamp="2019-11-12T16:09:41" time="0.577" tests="1">
    <testcase classname="Component Tests Voile Management Detail Component OnInit Should call load all on init" name="Component Tests Voile Management Detail Component OnInit Should call load all on init" time="0.026">
    </testcase>
  </testsuite>
  <testsuite name="Component Tests" errors="0" failures="0" skipped="0" timestamp="2019-11-12T16:09:41" time="0.586" tests="1">
    <testcase classname="Component Tests Combinaison Management Component Should call load all on init" name="Component Tests Combinaison Management Component Should call load all on init" time="0.028">
    </testcase>
  </testsuite>
  <testsuite name="Component Tests" errors="0" failures="0" skipped="0" timestamp="2019-11-12T16:09:41" time="0.579" tests="1">
    <testcase classname="Component Tests Reservation Management Detail Component OnInit Should call load all on init" name="Component Tests Reservation Management Detail Component OnInit Should call load all on init" time="0.029">
    </testcase>
  </testsuite>
  <testsuite name="Component Tests" errors="0" failures="0" skipped="0" timestamp="2019-11-12T16:09:41" time="0.578" tests="1">
    <testcase classname="Component Tests Planche Management Detail Component OnInit Should call load all on init" name="Component Tests Planche Management Detail Component OnInit Should call load all on init" time="0.036">
    </testcase>
  </testsuite>
  <testsuite name="Component Tests" errors="0" failures="0" skipped="0" timestamp="2019-11-12T16:09:42" time="0.572" tests="1">
    <testcase classname="Component Tests User Management Detail Component OnInit Should call load all on init" name="Component Tests User Management Detail Component OnInit Should call load all on init" time="0.02">
    </testcase>
  </testsuite>
  <testsuite name="Component Tests" errors="0" failures="0" skipped="0" timestamp="2019-11-12T16:09:42" time="0.593" tests="1">
    <testcase classname="Component Tests User Management Delete Component confirmDelete Should call delete service on confirmDelete" name="Component Tests User Management Delete Component confirmDelete Should call delete service on confirmDelete" time="0.02">
    </testcase>
  </testsuite>
  <testsuite name="Service Tests" errors="0" failures="0" skipped="0" timestamp="2019-11-12T16:09:43" time="0.578" tests="5">
    <testcase classname="Service Tests Voile Service Service methods should find an element" name="Service Tests Voile Service Service methods should find an element" time="0.016">
    </testcase>
    <testcase classname="Service Tests Voile Service Service methods should create a Voile" name="Service Tests Voile Service Service methods should create a Voile" time="0.038">
    </testcase>
    <testcase classname="Service Tests Voile Service Service methods should update a Voile" name="Service Tests Voile Service Service methods should update a Voile" time="0.011">
    </testcase>
    <testcase classname="Service Tests Voile Service Service methods should return a list of Voile" name="Service Tests Voile Service Service methods should return a list of Voile" time="0.01">
    </testcase>
    <testcase classname="Service Tests Voile Service Service methods should delete a Voile" name="Service Tests Voile Service Service methods should delete a Voile" time="0.009">
    </testcase>
  </testsuite>
  <testsuite name="Service Tests" errors="0" failures="0" skipped="0" timestamp="2019-11-12T16:09:43" time="0.55" tests="5">
    <testcase classname="Service Tests UserProfile Service Service methods should find an element" name="Service Tests UserProfile Service Service methods should find an element" time="0.014">
    </testcase>
    <testcase classname="Service Tests UserProfile Service Service methods should create a UserProfile" name="Service Tests UserProfile Service Service methods should create a UserProfile" time="0.012">
    </testcase>
    <testcase classname="Service Tests UserProfile Service Service methods should update a UserProfile" name="Service Tests UserProfile Service Service methods should update a UserProfile" time="0.009">
    </testcase>
    <testcase classname="Service Tests UserProfile Service Service methods should return a list of UserProfile" name="Service Tests UserProfile Service Service methods should return a list of UserProfile" time="0.009">
    </testcase>
    <testcase classname="Service Tests UserProfile Service Service methods should delete a UserProfile" name="Service Tests UserProfile Service Service methods should delete a UserProfile" time="0.007">
    </testcase>
  </testsuite>
  <testsuite name="Service Tests" errors="0" failures="0" skipped="0" timestamp="2019-11-12T16:09:43" time="0.55" tests="5">
    <testcase classname="Service Tests Combinaison Service Service methods should find an element" name="Service Tests Combinaison Service Service methods should find an element" time="0.013">
    </testcase>
    <testcase classname="Service Tests Combinaison Service Service methods should create a Combinaison" name="Service Tests Combinaison Service Service methods should create a Combinaison" time="0.011">
    </testcase>
    <testcase classname="Service Tests Combinaison Service Service methods should update a Combinaison" name="Service Tests Combinaison Service Service methods should update a Combinaison" time="0.009">
    </testcase>
    <testcase classname="Service Tests Combinaison Service Service methods should return a list of Combinaison" name="Service Tests Combinaison Service Service methods should return a list of Combinaison" time="0.009">
    </testcase>
    <testcase classname="Service Tests Combinaison Service Service methods should delete a Combinaison" name="Service Tests Combinaison Service Service methods should delete a Combinaison" time="0.008">
    </testcase>
  </testsuite>
  <testsuite name="Service Tests" errors="0" failures="0" skipped="0" timestamp="2019-11-12T16:09:43" time="0.55" tests="5">
    <testcase classname="Service Tests Planche Service Service methods should find an element" name="Service Tests Planche Service Service methods should find an element" time="0.014">
    </testcase>
    <testcase classname="Service Tests Planche Service Service methods should create a Planche" name="Service Tests Planche Service Service methods should create a Planche" time="0.01">
    </testcase>
    <testcase classname="Service Tests Planche Service Service methods should update a Planche" name="Service Tests Planche Service Service methods should update a Planche" time="0.016">
    </testcase>
    <testcase classname="Service Tests Planche Service Service methods should return a list of Planche" name="Service Tests Planche Service Service methods should return a list of Planche" time="0.008">
    </testcase>
    <testcase classname="Service Tests Planche Service Service methods should delete a Planche" name="Service Tests Planche Service Service methods should delete a Planche" time="0.008">
    </testcase>
  </testsuite>
  <testsuite name="Component Tests" errors="0" failures="0" skipped="0" timestamp="2019-11-12T16:09:44" time="0.518" tests="3">
    <testcase classname="Component Tests PasswordStrengthBarComponent PasswordStrengthBarComponents should initialize with default values" name="Component Tests PasswordStrengthBarComponent PasswordStrengthBarComponents should initialize with default values" time="0.018">
    </testcase>
    <testcase classname="Component Tests PasswordStrengthBarComponent PasswordStrengthBarComponents should increase strength upon password value change" name="Component Tests PasswordStrengthBarComponent PasswordStrengthBarComponents should increase strength upon password value change" time="0.014">
    </testcase>
    <testcase classname="Component Tests PasswordStrengthBarComponent PasswordStrengthBarComponents should change the color based on strength" name="Component Tests PasswordStrengthBarComponent PasswordStrengthBarComponents should change the color based on strength" time="0.012">
    </testcase>
  </testsuite>
  <testsuite name="Service Tests" errors="0" failures="0" skipped="0" timestamp="2019-11-12T16:09:44" time="0.556" tests="5">
    <testcase classname="Service Tests Harnais Service Service methods should find an element" name="Service Tests Harnais Service Service methods should find an element" time="0.013">
    </testcase>
    <testcase classname="Service Tests Harnais Service Service methods should create a Harnais" name="Service Tests Harnais Service Service methods should create a Harnais" time="0.01">
    </testcase>
    <testcase classname="Service Tests Harnais Service Service methods should update a Harnais" name="Service Tests Harnais Service Service methods should update a Harnais" time="0.017">
    </testcase>
    <testcase classname="Service Tests Harnais Service Service methods should return a list of Harnais" name="Service Tests Harnais Service Service methods should return a list of Harnais" time="0.011">
    </testcase>
    <testcase classname="Service Tests Harnais Service Service methods should delete a Harnais" name="Service Tests Harnais Service Service methods should delete a Harnais" time="0.01">
    </testcase>
  </testsuite>
  <testsuite name="Service Tests" errors="0" failures="0" skipped="0" timestamp="2019-11-12T16:09:44" time="0.512" tests="3">
    <testcase classname="Service Tests Audits Service Service methods should call correct URL" name="Service Tests Audits Service Service methods should call correct URL" time="0.012">
    </testcase>
    <testcase classname="Service Tests Audits Service Service methods should return Audits" name="Service Tests Audits Service Service methods should return Audits" time="0.008">
    </testcase>
    <testcase classname="Service Tests Audits Service Service methods should propagate not found response" name="Service Tests Audits Service Service methods should propagate not found response" time="0.008">
    </testcase>
  </testsuite>
  <testsuite name="Service Tests" errors="0" failures="0" skipped="0" timestamp="2019-11-12T16:09:44" time="0.505" tests="3">
    <testcase classname="Service Tests Logs Service Service methods should call correct URL" name="Service Tests Logs Service Service methods should call correct URL" time="0.019">
    </testcase>
    <testcase classname="Service Tests Logs Service Service methods should get the config" name="Service Tests Logs Service Service methods should get the config" time="0.008">
    </testcase>
    <testcase classname="Service Tests Logs Service Service methods should get the env" name="Service Tests Logs Service Service methods should get the env" time="0.008">
    </testcase>
  </testsuite>
  <testsuite name="Service Tests" errors="0" failures="0" skipped="0" timestamp="2019-11-12T16:09:45" time="0.495" tests="2">
    <testcase classname="Service Tests Logs Service Service methods should call correct URL" name="Service Tests Logs Service Service methods should call correct URL" time="0.017">
    </testcase>
    <testcase classname="Service Tests Logs Service Service methods should change log level" name="Service Tests Logs Service Service methods should change log level" time="0.009">
    </testcase>
  </testsuite>
  <testsuite name="Service Tests" errors="0" failures="0" skipped="0" timestamp="2019-11-12T16:09:45" time="0.502" tests="3">
    <testcase classname="Service Tests Logs Service Service methods should call correct URL" name="Service Tests Logs Service Service methods should call correct URL" time="0.012">
    </testcase>
    <testcase classname="Service Tests Logs Service Service methods should return Metrics" name="Service Tests Logs Service Service methods should return Metrics" time="0.015">
    </testcase>
    <testcase classname="Service Tests Logs Service Service methods should return Thread Dump" name="Service Tests Logs Service Service methods should return Thread Dump" time="0.007">
    </testcase>
  </testsuite>
</testsuites>